--------- beginning of main
02-24 16:49:55.164  3760  3760 I DecorView: [INFO] isPopOver=false, config=false
02-24 16:49:55.164  3760  3760 I DecorView: updateCaptionType >> DecorView@c45096c[InputMethod], isFloating=true, isApplication=false, hasWindowControllerCallback=false, hasWindowDecorCaption=false
02-24 16:49:55.168  4903  4903 E SurfaceFlinger: Attempt to update InputPolicyFlags without permission ACCESS_SURFACE_FLINGER
02-24 16:49:55.175  3567  3773 I FolderInfo: Add - AppInfo(id=691 type=APP hidden=0 container=674 screen=0 rank=4 rankOfList=-1 user=UserHandle{0} title=appOpenAds componentName=ComponentInfo{com.example.appopenads/com.example.appopenads.SplashActivity} screenType=0) rank : 4 animate : false
02-24 16:49:55.183  3760  3760 I HBD     : a undoMinimize requested, minimized = false 
02-24 16:49:55.185  4903  4903 E SurfaceFlinger: Attempt to update InputPolicyFlags without permission ACCESS_SURFACE_FLINGER
02-24 16:49:55.185  3567  3773 I FolderInfo: Add - AppInfo(id=692 type=APP hidden=0 container=674 screen=0 rank=5 rankOfList=-1 user=UserHandle{0} title=BannerAds componentName=ComponentInfo{com.example.bannerads/com.example.bannerads.MainActivity} screenType=0) rank : 5 animate : false
02-24 16:49:55.191  3760  3760 I HBD     : e mUsedOpenTheme = false IsRequiredDarkTypeTheme = false night mode : false mIsEnabledHighContrast = false mIsOpenThemeForHoneyBoardInstalled = true mIsWallpaperThemeInstalled = true mIsThemeParkTheme = false
02-24 16:49:55.191  3760  3760 I HBD     : a theme : HomeThemeLastUsed  
02-24 16:49:55.192  3760  3760 I HBD     : f update KeyboardTheme themeIndex : 0x 80000000  theme :  Home Theme <open theme>
02-24 16:49:55.192  3760  3760 I HBD     : a set Theme convertedIndex : 1 
02-24 16:49:55.193  3760  3760 I HBD     : a themeStyleSet :1 
02-24 16:49:55.193  3760  3760 I HBD     : a onThemeChanged: currTheme = 2, nextTheme = 1 
02-24 16:49:55.194  3567  3773 I FolderInfo: Add - AppInfo(id=694 type=APP hidden=0 container=673 screen=0 rank=5 rankOfList=-1 user=UserHandle{0} title=n_ads componentName=ComponentInfo{com.example.n_ads/com.example.n_ads.MainActivity} screenType=0) rank : 5 animate : false
02-24 16:49:55.197  3760  3760 I HBD     : b color = [r : 229], [g : 225], [b : 220], [alpha : 255], rgb = -1711652, isDark = false 
02-24 16:49:55.198  3760  3760 I HBD     : b updateBackgroundColor: keyboardBgColor = 0xffe5e1dc, isDarkTheme = false 
02-24 16:49:55.202  4903  4903 E SurfaceFlinger: Attempt to update InputPolicyFlags without permission ACCESS_SURFACE_FLINGER
02-24 16:49:55.204  3567  3773 I FolderInfo: Add - AppInfo(id=695 type=APP hidden=0 container=674 screen=0 rank=6 rankOfList=-1 user=UserHandle{0} title=AdMob Interstitial Example componentName=ComponentInfo{com.example.interstitialexample/com.example.interstitialexample.MainActivity} screenType=0) rank : 6 animate : false
02-24 16:49:55.213  3567  3773 I FolderInfo: Add - AppInfo(id=696 type=APP hidden=0 container=674 screen=0 rank=7 rankOfList=-1 user=UserHandle{0} title=NativeAds componentName=ComponentInfo{com.example.nativeads/com.example.nativeads.MainActivity} screenType=0) rank : 7 animate : false
02-24 16:49:55.218  4903  4903 E SurfaceFlinger: Attempt to update InputPolicyFlags without permission ACCESS_SURFACE_FLINGER
02-24 16:49:55.221  3760  3760 I HBD     : a registerUpdater: size = 2 
02-24 16:49:55.224  3567  3773 I FolderInfo: Add - AppInfo(id=697 type=APP hidden=0 container=673 screen=0 rank=6 rankOfList=-1 user=UserHandle{0} title=collap_ads componentName=ComponentInfo{com.example.collap_ads/com.example.collap_ads.MainActivity} screenType=0) rank : 6 animate : false
02-24 16:49:55.232  3567  3773 I FolderInfo: Add - AppInfo(id=699 type=APP hidden=0 container=673 screen=0 rank=7 rankOfList=-1 user=UserHandle{0} title=native_ads_demo componentName=ComponentInfo{com.example.native_ads_demo/com.example.native_ads_demo.third_activity} screenType=0) rank : 7 animate : false
02-24 16:49:55.235  4903  4903 E SurfaceFlinger: Attempt to update InputPolicyFlags without permission ACCESS_SURFACE_FLINGER
02-24 16:49:55.243  3760  3760 E HBD     : b SVoice is not found :  
02-24 16:49:55.243  3760  3760 E HBD     : android.content.pm.PackageManager$NameNotFoundException: com.samsung.android.svoiceime
02-24 16:49:55.243  3760  3760 E HBD     : 	at android.app.ApplicationPackageManager.getApplicationInfoAsUser(ApplicationPackageManager.java:540)
02-24 16:49:55.243  3760  3760 E HBD     : 	at android.app.ApplicationPackageManager.getApplicationInfo(ApplicationPackageManager.java:493)
02-24 16:49:55.243  3760  3760 E HBD     : 	at com.samsung.android.honeyboard.friends.b.a.c.b.b(SourceFile:91)
02-24 16:49:55.243  3760  3760 E HBD     : 	at com.samsung.android.honeyboard.friends.b.a.c.b.a(SourceFile:84)
02-24 16:49:55.243  3760  3760 E HBD     : 	at com.samsung.android.honeyboard.friends.b.c.i(SourceFile:47)
02-24 16:49:55.243  3760  3760 E HBD     : 	at com.samsung.android.honeyboard.friends.b.c.b(SourceFile:149)
02-24 16:49:55.243  3760  3760 E HBD     : 	at com.samsung.android.honeyboard.friends.b.a.f(SourceFile:86)
02-24 16:49:55.243  3760  3760 E HBD     : 	at com.samsung.android.honeyboard.friends.b.a.u(SourceFile:72)
02-24 16:49:55.243  3760  3760 E HBD     : 	at com.samsung.android.honeyboard.friends.b.a.s(SourceFile:59)
02-24 16:49:55.243  3760  3760 E HBD     : 	at com.samsung.android.honeyboard.friends.b.a.<init>(SourceFile:49)
02-24 16:49:55.243  3760  3760 E HBD     : 	at com.samsung.android.honeyboard.l.a$a$9.a(SourceFile:82)
02-24 16:49:55.243  3760  3760 E HBD     : 	at com.samsung.android.honeyboard.l.a$a$9.invoke(Unknown Source:4)
02-24 16:49:55.243  3760  3760 E HBD     : 	at org.koin.b.d.a.b(SourceFile:54)
02-24 16:49:55.243  3760  3760 E HBD     : 	at org.koin.b.d.e.a(SourceFile:40)
02-24 16:49:55.243  3760  3760 E HBD     : 	at org.koin.b.b.a.a(SourceFile:70)
02-24 16:49:55.243  3760  3760 E HBD     : 	at org.koin.b.j.a.a(SourceFile:165)
02-24 16:49:55.243  3760  3760 E HBD     : 	at org.koin.b.j.a.a(SourceFile:128)
02-24 16:49:55.243  3760  3760 E HBD     : 	at com.samsung.android.honeyboard.friends.b.b$a.invoke(SourceFile:327)
02-24 16:49:55.243  3760  3760 E HBD     : 	at kotlin.SynchronizedLazyImpl.getValue(SourceFile:74)
02-24 16:49:55.243  3760  3760 E HBD     : 	at com.samsung.android.honeyboard.friends.b.b.E(Unknown Source:2)
02-24 16:49:55.243  3760  3760 E HBD     : 	at com.samsung.android.honeyboard.friends.b.b.H(SourceFile:65)
02-24 16:49:55.243  3760  3760 E HBD     : 	at com.samsung.android.honeyboard.friends.b.b.<init>(SourceFile:21)
02-24 16:49:55.243  3760  3760 E HBD     : 	at com.samsung.android.honeyboard.b.c.<init>(SourceFile:77)
02-24 16:49:55.243  3760  3760 E HBD     : 	at com.samsung.android.honeyboard.l.a$a$4.a(SourceFile:75)
02-24 16:49:55.243  3760  3760 E HBD     : 	at com.samsung.android.honeyboard.l.a$a$4.invoke(Unknown Source:4)
02-24 16:49:55.243  3760  3760 E HBD     : 	at org.koin.b.d.a.b(SourceFile:54)
02-24 16:49:55.243  3760  3760 E HBD     : 	at org.koin.b.d.e.a(SourceFile:40)
02-24 16:49:55.243  3760  3760 E HBD     : 	at org.koin.b.b.a.a(SourceFile:70)
02-24 16:49:55.243  3760  3760 E HBD     : 	at org.koin.b.j.a.a(SourceFile:165)
02-24 16:49:55.243  3760  3760 E HBD     : 	at org.koin.b.j.a.a(SourceFile:128)
02-24 16:49:55.243  3760  3760 E HBD     : 	at com.samsung.android.honeyboard.e.b.k_(SourceFile:173)
02-24 16:49:55.243  3760  3760 E HBD     : 	at com.samsung.android.honeyboard.common.f.a.k_(SourceFile:16)
02-24 16:49:55.243  3760  3760 E HBD     : 	at com.samsung.android.honeyboard.service.HoneyBoardService.onCreate(SourceFile:249)
02-24 16:49:55.243  3760  3760 E HBD     : 	at android.app.ActivityThread.handleCreateService(ActivityThread.java:4940)
02-24 16:49:55.243  3760  3760 E HBD     : 	at android.app.ActivityThread.access$1800(ActivityThread.java:310)
02-24 16:49:55.243  3760  3760 E HBD     : 	at android.app.ActivityThread$H.handleMessage(ActivityThread.java:2300)
02-24 16:49:55.243  3760  3760 E HBD     : 	at android.os.Handler.dispatchMessage(Handler.java:106)
02-24 16:49:55.243  3760  3760 E HBD     : 	at android.os.Looper.loopOnce(Looper.java:226)
02-24 16:49:55.243  3760  3760 E HBD     : 	at android.os.Looper.loop(Looper.java:313)
02-24 16:49:55.243  3760  3760 E HBD     : 	at android.app.ActivityThread.main(ActivityThread.java:8669)
02-24 16:49:55.243  3760  3760 E HBD     : 	at java.lang.reflect.Method.invoke(Native Method)
02-24 16:49:55.243  3760  3760 E HBD     : 	at com.android.internal.os.RuntimeInit$MethodAndArgsCaller.run(RuntimeInit.java:571)
02-24 16:49:55.243  3760  3760 E HBD     : 	at com.android.internal.os.ZygoteInit.main(ZygoteInit.java:1135)
02-24 16:49:55.248  3567  3773 I FolderInfo: Add - AppInfo(id=700 type=APP hidden=0 container=674 screen=0 rank=8 rankOfList=-1 user=UserHandle{0} title=Food App with Native Ads componentName=ComponentInfo{com.example.foodappwithnative/com.example.foodappwithnative.HomePa} screenType=0) rank : 8 animate : false
02-24 16:49:55.249  3760  3760 I HBD     : c getVoiceTrigger - GoogleImeTrigger 
02-24 16:49:55.252  4903  4903 E SurfaceFlinger: Attempt to update InputPolicyFlags without permission ACCESS_SURFACE_FLINGER
02-24 16:49:55.252  3760  3760 I HBD     : a registerUpdater: size = 3 
02-24 16:49:55.253  3760  3760 I HBD     : a registerUpdater: size = 4 
02-24 16:49:55.255  3760  3760 I HBD     : a registerUpdater: size = 5 
02-24 16:49:55.256  3760  3760 I HBD     : a registerUpdater: size = 6 
02-24 16:49:55.268  3760  3760 I HBD     : a registerUpdater: size = 7 
02-24 16:49:55.268  3567  3773 I FolderInfo: Add - AppInfo(id=702 type=APP hidden=0 container=673 screen=0 rank=8 rankOfList=-1 user=UserHandle{0} title=fruit_recycler componentName=ComponentInfo{com.example.fruit_recycler/com.example.fruit_recycler.MainActivity} screenType=0) rank : 8 animate : false
02-24 16:49:55.268  4903  4903 E SurfaceFlinger: Attempt to update InputPolicyFlags without permission ACCESS_SURFACE_FLINGER
02-24 16:49:55.269  3760  3760 I HBD     : a registerUpdater: size = 8 
02-24 16:49:55.271  3760  3760 I HBD     : a registerUpdater: size = 9 
02-24 16:49:55.273  3760  3760 I HBD     : a [UpdatePolicy] [post] a: 21 cl: 65555 kit: [0/0] vt: 0 ir: 1 
02-24 16:49:55.273  3760  3760 I HBD     : a New slots have been added [0~3] 
--------- beginning of system
02-24 16:49:55.282  5191  7071 D SettingsProvider: isChangeAllowed() : name = enabled_input_methods
02-24 16:49:55.282  5191  7071 D SettingsProvider: edmUri: content://com.sec.knox.provider/RestrictionPolicy3
02-24 16:49:55.282  5191  7071 D SettingsProvider: projectionArgs: isSettingsChangesAllowed
02-24 16:49:55.282  5191  7071 D SettingsProvider: selectionArgs: false
02-24 16:49:55.282  5191  7071 D SettingsProvider: selectionArgs: 10173
02-24 16:49:55.282  5191  7071 D SecContentProvider: query(), uri = 17 selection = isSettingsChangesAllowed
02-24 16:49:55.283  5191  7071 D SecContentProvider: called from android.uid.honeyboard:10173
02-24 16:49:55.283  5191  7071 D RestrictionPolicy: isSettingsChangesAllowedAsUser, userId 0 : true
02-24 16:49:55.283  5191  7071 D SettingsProvider: ret = 1
02-24 16:49:55.285  5191  5845 D SettingsProvider: isChangeAllowed() : name = default_input_method
02-24 16:49:55.285  4903  4903 E SurfaceFlinger: Attempt to update InputPolicyFlags without permission ACCESS_SURFACE_FLINGER
02-24 16:49:55.285  5191  5845 D SettingsProvider: edmUri: content://com.sec.knox.provider/RestrictionPolicy3
02-24 16:49:55.285  5191  5845 D SettingsProvider: projectionArgs: isSettingsChangesAllowed
02-24 16:49:55.285  5191  5845 D SettingsProvider: selectionArgs: false
02-24 16:49:55.285  5191  5845 D SettingsProvider: selectionArgs: 10173
02-24 16:49:55.285  5191  5845 D SecContentProvider: query(), uri = 17 selection = isSettingsChangesAllowed
02-24 16:49:55.285  5191  5845 D SecContentProvider: called from android.uid.honeyboard:10173
02-24 16:49:55.286  5191  5845 D RestrictionPolicy: isSettingsChangesAllowedAsUser, userId 0 : true
02-24 16:49:55.286  5191  5845 D SettingsProvider: ret = 1
02-24 16:49:55.288  3567  3773 I FolderInfo: Add - AppInfo(id=705 type=APP hidden=0 container=674 screen=0 rank=11 rankOfList=-1 user=UserHandle{0} title=ContentNative componentName=ComponentInfo{com.example.contentnative/com.example.contentnative.MainActivity} screenType=0) rank : 9 animate : false
02-24 16:49:55.291  3760  3787 I HBD     : m updated Sub Types. English(India) 
02-24 16:49:55.296  3567  3773 I FolderInfo: Add - AppInfo(id=706 type=APP hidden=0 container=673 screen=0 rank=9 rankOfList=-1 user=UserHandle{0} title=rewarded_ads componentName=ComponentInfo{com.example.rewarded_ads/com.example.rewarded_ads.splash_screen} screenType=0) rank : 9 animate : false
02-24 16:49:55.297  3760  3760 I HBD     : a registerUpdater: size = 10 
02-24 16:49:55.302  4903  4903 E SurfaceFlinger: Attempt to update InputPolicyFlags without permission ACCESS_SURFACE_FLINGER
02-24 16:49:55.305  3567  3773 I FolderInfo: Add - AppInfo(id=707 type=APP hidden=0 container=674 screen=0 rank=10 rankOfList=-1 user=UserHandle{0} title=nativeVideo componentName=ComponentInfo{com.example.nativevideo/com.example.nativevideo.MainActivity} screenType=0) rank : 10 animate : false
02-24 16:49:55.313  3760  3806 I HBD     : a InputMethodSubtype is set as local:en_IN 
02-24 16:49:55.315  3567  3773 I FolderInfo: Add - AppInfo(id=709 type=APP hidden=0 container=674 screen=0 rank=9 rankOfList=-1 user=UserHandle{0} title=nativeFullScreen componentName=ComponentInfo{com.example.nativefullscreen/com.example.nativefullscreen.MainActivity} screenType=0) rank : 11 animate : false
02-24 16:49:55.318  4903  4903 E SurfaceFlinger: Attempt to update InputPolicyFlags without permission ACCESS_SURFACE_FLINGER
02-24 16:49:55.324  3567  3773 I FolderInfo: Add - AppInfo(id=711 type=APP hidden=0 container=674 screen=0 rank=12 rankOfList=-1 user=UserHandle{0} title=RewardedAds componentName=ComponentInfo{com.example.rewardedadreference/com.example.rewardedadreference.QuizeApp} screenType=0) rank : 12 animate : false
02-24 16:49:55.333  3567  3773 I FolderInfo: Add - AppInfo(id=712 type=APP hidden=0 container=674 screen=0 rank=13 rankOfList=-1 user=UserHandle{0} title=RewardedInterstitialAd componentName=ComponentInfo{com.example.rewardedinterstitialad/com.example.rewardedinterstitialad.quize} screenType=0) rank : 13 animate : false
02-24 16:49:55.335  4903  4903 E SurfaceFlinger: Attempt to update InputPolicyFlags without permission ACCESS_SURFACE_FLINGER
02-24 16:49:55.343  3567  3773 I FolderInfo: Add - AppInfo(id=716 type=APP hidden=0 container=674 screen=0 rank=14 rankOfList=-1 user=UserHandle{0} title=MetaAudienceNetworkBannerAds componentName=ComponentInfo{com.example.metaaudiencenetworkbannerads/com.example.metaaudiencenetworkbannerads.MainActivity} screenType=0) rank : 14 animate : false
02-24 16:49:55.352  4903  4903 E SurfaceFlinger: Attempt to update InputPolicyFlags without permission ACCESS_SURFACE_FLINGER
02-24 16:49:55.355  3567  3773 I FolderInfo: Add - AppInfo(id=717 type=APP hidden=0 container=674 screen=0 rank=18 rankOfList=-1 user=UserHandle{0} title=AudienceNetworkInterstitial Ads componentName=ComponentInfo{com.example.audiencenetworkinterstitialads/com.example.audiencenetworkinterstitialads.MainActivity} screenType=0) rank : 15 animate : false
02-24 16:49:55.361  3760  3760 E IceCone : a updateBeeInfo failed 
02-24 16:49:55.365  3567  3773 I FolderInfo: Add - AppInfo(id=718 type=APP hidden=0 container=674 screen=0 rank=15 rankOfList=-1 user=UserHandle{0} title=MetaAudienceNetworkNativeAd componentName=ComponentInfo{com.example.metaaudiencenetworknativead/com.example.metaaudiencenetworknativead.MainActivity} screenType=0) rank : 16 animate : false
02-24 16:49:55.366  3760  3760 I IceCone : a [SM] register 
02-24 16:49:55.369  4903  4903 E SurfaceFlinger: Attempt to update InputPolicyFlags without permission ACCESS_SURFACE_FLINGER
02-24 16:49:55.371  3760  3760 I IceCone : c [SB] register 
02-24 16:49:55.376  3567  3773 I FolderInfo: Add - AppInfo(id=720 type=APP hidden=0 container=674 screen=0 rank=16 rankOfList=-1 user=UserHandle{0} title=MetaAudienceRewardedVideoAds componentName=ComponentInfo{com.example.metaaudiencerewardedvideoads/com.example.metaaudiencerewardedvideoads.MainActivity} screenType=0) rank : 17 animate : false
02-24 16:49:55.385  4903  4903 E SurfaceFlinger: Attempt to update InputPolicyFlags without permission ACCESS_SURFACE_FLINGER
02-24 16:49:55.386  3567  3773 I FolderInfo: Add - AppInfo(id=721 type=APP hidden=0 container=674 screen=0 rank=17 rankOfList=-1 user=UserHandle{0} title=MetaRewardedInterstitialAds componentName=ComponentInfo{com.example.metarewardedinterstitialads/com.example.metarewardedinterstitialads.MainActivity} screenType=0) rank : 18 animate : false
02-24 16:49:55.390  3760  3760 I IceCone : a java.lang.SecurityException: Failed to find provider com.bitstrips.imoji.provider for user 0; expected to find a valid ContentProvider for this authority, bitmoji provider register failed 
02-24 16:49:55.397  3760  3760 I HBD     : a setPortHeightToSetting value:500 
02-24 16:49:55.398  5191  6241 D SettingsProvider: isChangeAllowed() : name = com.sec.android.inputmethod.height
02-24 16:49:55.398  5191  6241 D SettingsProvider: edmUri: content://com.sec.knox.provider/RestrictionPolicy3
02-24 16:49:55.398  5191  6241 D SettingsProvider: projectionArgs: isSettingsChangesAllowed
02-24 16:49:55.398  5191  6241 D SettingsProvider: selectionArgs: false
02-24 16:49:55.398  5191  6241 D SettingsProvider: selectionArgs: 10173
02-24 16:49:55.398  5191  6241 D SecContentProvider: query(), uri = 17 selection = isSettingsChangesAllowed
02-24 16:49:55.398  5191  6241 D SecContentProvider: called from android.uid.honeyboard:10173
02-24 16:49:55.398  5191  6241 D RestrictionPolicy: isSettingsChangesAllowedAsUser, userId 0 : true
02-24 16:49:55.398  5191  6241 D SettingsProvider: ret = 1
02-24 16:49:55.402  4903  4903 E SurfaceFlinger: Attempt to update InputPolicyFlags without permission ACCESS_SURFACE_FLINGER
02-24 16:49:55.418  4903  4903 E SurfaceFlinger: Attempt to update InputPolicyFlags without permission ACCESS_SURFACE_FLINGER
02-24 16:49:55.435  4903  4903 E SurfaceFlinger: Attempt to update InputPolicyFlags without permission ACCESS_SURFACE_FLINGER
02-24 16:49:55.452  4903  4903 E SurfaceFlinger: Attempt to update InputPolicyFlags without permission ACCESS_SURFACE_FLINGER
02-24 16:49:55.465  3562  3696 E ChimeraPrvdrProxy: Provider proxy missing implementation
02-24 16:49:55.469  4903  4903 E SurfaceFlinger: Attempt to update InputPolicyFlags without permission ACCESS_SURFACE_FLINGER
02-24 16:49:55.485  4903  4903 E SurfaceFlinger: Attempt to update InputPolicyFlags without permission ACCESS_SURFACE_FLINGER
02-24 16:49:55.502  4903  4903 E SurfaceFlinger: Attempt to update InputPolicyFlags without permission ACCESS_SURFACE_FLINGER
